// Vitest Snapshot v1, https://vitest.dev/guide/snapshot.html

exports[`nx-python migrate-shared-venv generator > poetry > should migrate an isolate venv to shared venv (poetry 2.0.0) 1`] = `
"[tool.coverage.run]
branch = true
source = [ "proj1" ]

[tool.coverage.report]
exclude_lines = [ "if TYPE_CHECKING:" ]
show_missing = true

[tool.pytest.ini_options]
addopts = "--cov --cov-fail-under=100 --cov-report html:'../../coverage/apps/proj1/html' --cov-report xml:'../../coverage/apps/proj1/coverage.xml' --junitxml='../../reports/apps/proj1/unittests/junit.xml' --html='../../reports/apps/proj1/unittests/html/index.html'"

[tool.poetry]
name = "proj1"
version = "1.0.0"
description = ""
authors = [ ]
license = "Proprietary"
readme = "README.md"
group = { }

  [[tool.poetry.packages]]
  include = "proj1"

  [tool.poetry.dependencies]
  python = ">=3.8,<3.10"

[build-system]
requires = [ "poetry-core==1.1.0" ]
build-backend = "poetry.core.masonry.api"
"
`;

exports[`nx-python migrate-shared-venv generator > poetry > should migrate an isolate venv to shared venv (poetry 2.0.0) 2`] = `
"[tool.poetry]
name = "@nxlv/nx-plugins"
version = "1.0.0"
description = ""
authors = [ ]
license = "Proprietary"
readme = "README.md"
package-mode = false

  [tool.poetry.dependencies]
  python = ">=3.8,<3.10"

    [tool.poetry.dependencies.proj1]
    path = "apps/proj1"
    develop = true

[tool.poetry.group.dev.dependencies]
flake8 = "4.0.1"
flake8-isort = "4.1.1"
flake8-print = "5.0.0"
flake8-pytest-style = "1.6.0"
flake8-docstrings = "1.6.0"
flake8-type-checking = "2.0.6"
autopep8 = "1.5.7"
pytest = "7.1.2"
pytest-env = "0.6.2"
pytest-cov = "3.0.0"
pytest-html = "3.1.1"
pytest-sugar = "0.9.5"
tomli = "1.2.2"
tox = "3.23.1"

[build-system]
requires = [ "poetry-core==1.1.0" ]
build-backend = "poetry.core.masonry.api"
"
`;

exports[`nx-python migrate-shared-venv generator > poetry > should migrate an isolate venv to shared venv (poetry 2.0.0) 3`] = `
"3.8.11
"
`;

exports[`nx-python migrate-shared-venv generator > poetry > should migrate an isolate venv to shared venv 1`] = `
"[tool.coverage.run]
branch = true
source = [ "proj1" ]

[tool.coverage.report]
exclude_lines = [ "if TYPE_CHECKING:" ]
show_missing = true

[tool.pytest.ini_options]
addopts = "--cov --cov-fail-under=100 --cov-report html:'../../coverage/apps/proj1/html' --cov-report xml:'../../coverage/apps/proj1/coverage.xml' --junitxml='../../reports/apps/proj1/unittests/junit.xml' --html='../../reports/apps/proj1/unittests/html/index.html'"

[tool.poetry]
name = "proj1"
version = "1.0.0"
description = ""
authors = [ ]
license = "Proprietary"
readme = "README.md"
group = { }

  [[tool.poetry.packages]]
  include = "proj1"

  [tool.poetry.dependencies]
  python = ">=3.8,<3.10"

[build-system]
requires = [ "poetry-core==1.1.0" ]
build-backend = "poetry.core.masonry.api"
"
`;

exports[`nx-python migrate-shared-venv generator > poetry > should migrate an isolate venv to shared venv 2`] = `
"[tool.poetry]
name = "@nxlv/nx-plugins"
version = "1.0.0"
description = ""
authors = [ ]
license = "Proprietary"
readme = "README.md"
package-mode = false

  [tool.poetry.dependencies]
  python = ">=3.8,<3.10"

    [tool.poetry.dependencies.proj1]
    path = "apps/proj1"
    develop = true

[tool.poetry.group.dev.dependencies]
flake8 = "4.0.1"
flake8-isort = "4.1.1"
flake8-print = "5.0.0"
flake8-pytest-style = "1.6.0"
flake8-docstrings = "1.6.0"
flake8-type-checking = "2.0.6"
autopep8 = "1.5.7"
pytest = "7.1.2"
pytest-env = "0.6.2"
pytest-cov = "3.0.0"
pytest-html = "3.1.1"
pytest-sugar = "0.9.5"
tomli = "1.2.2"
tox = "3.23.1"

[build-system]
requires = [ "poetry-core==1.1.0" ]
build-backend = "poetry.core.masonry.api"
"
`;

exports[`nx-python migrate-shared-venv generator > poetry > should migrate an isolate venv to shared venv 3`] = `
"3.8.11
"
`;

exports[`nx-python migrate-shared-venv generator > poetry > should migrate an isolate venv to shared venv project without dev dependencies 1`] = `
"[tool.coverage.run]
branch = true
source = [ "proj1" ]

[tool.coverage.report]
exclude_lines = [ "if TYPE_CHECKING:" ]
show_missing = true

[tool.pytest.ini_options]
addopts = "--cov --cov-fail-under=100 --cov-report html:'../../coverage/apps/proj1/html' --cov-report xml:'../../coverage/apps/proj1/coverage.xml' --junitxml='../../reports/apps/proj1/unittests/junit.xml' --html='../../reports/apps/proj1/unittests/html/index.html'"

[tool.poetry]
name = "proj1"
version = "1.0.0"
description = ""
authors = [ ]
license = "Proprietary"
readme = "README.md"

  [[tool.poetry.packages]]
  include = "proj1"

  [tool.poetry.dependencies]
  python = ">=3.8,<3.10"

[build-system]
requires = [ "poetry-core==1.1.0" ]
build-backend = "poetry.core.masonry.api"
"
`;

exports[`nx-python migrate-shared-venv generator > poetry > should migrate an isolate venv to shared venv project without dev dependencies 2`] = `
"[tool.poetry]
name = "@nxlv/nx-plugins"
version = "1.0.0"
description = ""
authors = [ ]
license = "Proprietary"
readme = "README.md"
package-mode = false

  [tool.poetry.dependencies]
  python = ">=3.8,<3.10"

    [tool.poetry.dependencies.proj1]
    path = "apps/proj1"
    develop = true

[build-system]
requires = [ "poetry-core==1.1.0" ]
build-backend = "poetry.core.masonry.api"
"
`;

exports[`nx-python migrate-shared-venv generator > poetry > should migrate an isolate venv to shared venv project without dev dependencies 3`] = `
"3.8.11
"
`;

exports[`nx-python migrate-shared-venv generator > poetry > should migrate an isolate venv to shared venv with auto activate enabled 1`] = `
"[tool.nx]
autoActivate = true

[tool.poetry]
name = "@nxlv/nx-plugins"
version = "1.0.0"
description = ""
authors = [ ]
license = "Proprietary"
readme = "README.md"
package-mode = false

  [tool.poetry.dependencies]
  python = ">=3.8,<3.10"

    [tool.poetry.dependencies.proj1]
    path = "apps/proj1"
    develop = true

[tool.poetry.group.dev.dependencies]
flake8 = "4.0.1"
flake8-isort = "4.1.1"
flake8-print = "5.0.0"
flake8-pytest-style = "1.6.0"
flake8-docstrings = "1.6.0"
flake8-type-checking = "2.0.6"
autopep8 = "1.5.7"
pytest = "7.1.2"
pytest-env = "0.6.2"
pytest-cov = "3.0.0"
pytest-html = "3.1.1"
pytest-sugar = "0.9.5"
tomli = "1.2.2"
tox = "3.23.1"

[build-system]
requires = [ "poetry-core==1.1.0" ]
build-backend = "poetry.core.masonry.api"
"
`;

exports[`nx-python migrate-shared-venv generator > uv > should migrate an isolate venv to shared venv 1`] = `
"[tool.coverage.run]
branch = true
source = [ "proj1" ]

[tool.coverage.report]
exclude_lines = [ "if TYPE_CHECKING:" ]
show_missing = true

[tool.pytest.ini_options]
addopts = """
 --cov
 --cov-report html:'../../coverage/apps/proj1/html'
 --cov-report xml:'../../coverage/apps/proj1/coverage.xml'
 --html='../../reports/apps/proj1/unittests/html/index.html'
 --junitxml='../../reports/apps/proj1/unittests/junit.xml'
"""

[tool.hatch.build.targets.wheel]
packages = [ "proj1" ]

[tool.hatch.metadata]
allow-direct-references = true

[tool.ruff]
exclude = [ ".ruff_cache", ".svn", ".tox", ".venv", "dist" ]
line-length = 88
indent-width = 4

  [tool.ruff.lint]
  select = [ "E", "F", "UP", "B", "SIM", "I" ]
  ignore = [ ]
  fixable = [ "ALL" ]
  unfixable = [ ]

[project]
name = "proj1"
version = "1.0.0"
description = "Automatically generated by Nx."
requires-python = ">=3.9,<4"
readme = "README.md"
dependencies = [ ]

[build-system]
requires = [ "hatchling" ]
build-backend = "hatchling.build"
"
`;

exports[`nx-python migrate-shared-venv generator > uv > should migrate an isolate venv to shared venv 2`] = `
"[project]
name = "nx-workspace"
version = "1.0.0"
dependencies = [ "proj1" ]

[tool.uv.workspace]
members = [ "apps/proj1" ]

[tool.uv.sources.proj1]
workspace = true

[dependency-groups]
dev = [
  "autopep8>=2.3.1",
  "ruff>=0.8.2",
  "pytest>=8.3.4",
  "pytest-sugar>=1.0.0",
  "pytest-cov>=6.0.0",
  "pytest-html>=4.1.1"
]
"
`;

exports[`nx-python migrate-shared-venv generator > uv > should migrate an isolate venv to shared venv 3`] = `
"3.8.11
"
`;

exports[`nx-python migrate-shared-venv generator > uv > should migrate an isolate venv to shared venv project without dev dependencies 1`] = `
"[project]
name = "proj1"
version = "1.0.0"
description = "Automatically generated by Nx."
requires-python = ">=3.9,<4"
readme = "README.md"
dependencies = [ ]

[tool.hatch.build.targets.wheel]
packages = [ "proj1" ]

[tool.hatch.metadata]
allow-direct-references = true

[build-system]
requires = [ "hatchling" ]
build-backend = "hatchling.build"
"
`;

exports[`nx-python migrate-shared-venv generator > uv > should migrate an isolate venv to shared venv project without dev dependencies 2`] = `
"[project]
name = "nx-workspace"
version = "1.0.0"
dependencies = [ "proj1" ]

[tool.uv.workspace]
members = [ "apps/proj1" ]

[tool.uv.sources.proj1]
workspace = true

[dependency-groups]
dev = [ "autopep8>=2.3.1" ]
"
`;

exports[`nx-python migrate-shared-venv generator > uv > should migrate an isolate venv to shared venv project without dev dependencies 3`] = `
"3.8.11
"
`;
